20:25:52 **** Incremental Build of configuration Debug for project Toggle_LED ****
make -j16 all 
arm-none-eabi-gcc "../Src/main.c" -mcpu=cortex-m3 -std=gnu11 -g3 -DSTM32 -DSTM32F1 -DSTM32F103C6Tx -DDEBUG -c -I../Inc -O0 -ffunction-sections -fdata-sections -Wall -fstack-usage -MMD -MP -MF"Src/main.d" -MT"Src/main.o" --specs=nano.specs -mfloat-abi=soft -mthumb -o "Src/main.o"
arm-none-eabi-gcc -o "Toggle_LED.elf" @"objects.list"   -mcpu=cortex-m3 -T"D:\Embedded Progress\1st term\Unit 3\Lesson 1\Toggle_LED(STM32 CUBE)\Toggle_LED\STM32F103C6TX_FLASH.ld" --specs=nosys.specs -Wl,-Map="Toggle_LED.map" -Wl,--gc-sections -static --specs=nano.specs -mfloat-abi=soft -mthumb -Wl,--start-group -lc -lm -Wl,--end-group
Finished building target: Toggle_LED.elf
 
arm-none-eabi-objdump -h -S  Toggle_LED.elf  > "Toggle_LED.list"
arm-none-eabi-objcopy  -O ihex  Toggle_LED.elf  "Toggle_LED.hex"
arm-none-eabi-objcopy  -O binary  Toggle_LED.elf  "Toggle_LED.bin"
arm-none-eabi-size   Toggle_LED.elf 
   text	   data	    bss	    dec	    hex	filename
    672	     12	   1564	   2248	    8c8	Toggle_LED.elf
Finished building: default.size.stdout
Finished building: Toggle_LED.hex
Finished building: Toggle_LED.bin
Finished building: Toggle_LED.list
 
 
 
 

20:25:53 Build Finished. 0 errors, 0 warnings. (took 284ms)

